../Core/Src/main.c:86:6:Display_Temp	16	static
../Core/Src/main.c:91:6:Display_Rh	16	static
../Core/Src/main.c:95:6:Config_Lora	8	static
../Core/Src/main.c:120:6:lcd_config	8	static
../Core/Src/main.c:135:5:main	24	static
../Core/Src/main.c:226:6:SystemClock_Config	88	static
../Core/Src/main.c:269:13:MX_I2C1_Init	8	static
../Core/Src/main.c:301:13:MX_SPI1_Init	8	static
../Core/Src/main.c:337:13:MX_USART1_UART_Init	8	static
../Core/Src/main.c:368:13:MX_USART2_UART_Init	8	static
../Core/Src/main.c:399:13:MX_GPIO_Init	48	static
../Core/Src/main.c:448:6:Error_Handler	4	static,ignoring_inline_asm
